{"name":"roadhog","content":{"../node_modules/a/index.js":{"id":1,"meta":{}}}}